I/quake   ( 5398): 
I/quake   ( 5398): 
I/quake   ( 5398):  
I/quake   ( 5398):  the Necropolis
I/quake   ( 5398):  
I/ActivityManager( 2047): Process com.google.android.apps.plus (pid 5017) has died.
I/quake   ( 5398): FindFile: can't find glquake/player.ms2
I/quake   ( 5398):  meshing progs/player.mdl...
I/quake   ( 5398):  
I/quake   ( 5398): FindFile: can't find glquake/eyes.ms2
I/quake   ( 5398):  meshing progs/eyes.mdl...
I/quake   ( 5398):  
I/quake   ( 5398): FindFile: can't find glquake/h_player.ms2
I/quake   ( 5398):  meshing progs/h_player.mdl...
I/quake   ( 5398):  
I/quake   ( 5398): FindFile: can't find glquake/gib1.ms2
I/quake   ( 5398):  meshing progs/gib1.mdl...
I/quake   ( 5398):  
I/quake   ( 5398): FindFile: can't find glquake/gib2.ms2
I/quake   ( 5398):  meshing progs/gib2.mdl...
I/quake   ( 5398):  
I/quake   ( 5398): FindFile: can't find glquake/gib3.ms2
I/quake   ( 5398):  meshing progs/gib3.mdl...
I/quake   ( 5398):  
I/ActivityManager( 2047): Process com.google.android.apps.maps:LocationFriendService (pid 5377) has died.
I/quake   ( 5398): FindFile: can't find glquake/v_axe.ms2
I/quake   ( 5398):  meshing progs/v_axe.mdl...
I/quake   ( 5398):  
W/AudioTrack( 5398): obtainBuffer() track 0x168de0 disabled, restarting
I/quake   ( 5398): FindFile: can't find glquake/v_shot.ms2
I/quake   ( 5398):  meshing progs/v_shot.mdl...
I/quake   ( 5398):  
I/quake   ( 5398): FindFile: can't find glquake/v_nail.ms2
I/quake   ( 5398):  meshing progs/v_nail.mdl...
I/quake   ( 5398):  
I/quake   ( 5398): FindFile: can't find glquake/v_rock.ms2
I/quake   ( 5398):  meshing progs/v_rock.mdl...
I/quake   ( 5398):  
I/quake   ( 5398): FindFile: can't find glquake/v_shot2.ms2
I/quake   ( 5398):  meshing progs/v_shot2.mdl...
I/quake   ( 5398):  
I/quake   ( 5398): FindFile: can't find glquake/v_nail2.ms2
I/quake   ( 5398):  meshing progs/v_nail2.mdl...
I/quake   ( 5398):  
I/quake   ( 5398): FindFile: can't find glquake/v_rock2.ms2
I/quake   ( 5398):  meshing progs/v_rock2.mdl...
I/quake   ( 5398):  
I/quake   ( 5398): FindFile: can't find glquake/bolt.ms2
I/quake   ( 5398):  meshing progs/bolt.mdl...
I/quake   ( 5398):  
I/quake   ( 5398): FindFile: can't find glquake/bolt2.ms2
I/quake   ( 5398):  meshing progs/bolt2.mdl...
I/quake   ( 5398):  
I/quake   ( 5398): FindFile: can't find glquake/bolt3.ms2
I/quake   ( 5398):  meshing progs/bolt3.mdl...
I/quake   ( 5398):  
I/quake   ( 5398): FindFile: can't find glquake/lavaball.ms2
I/quake   ( 5398):  meshing progs/lavaball.mdl...
I/quake   ( 5398):  
I/quake   ( 5398): FindFile: can't find glquake/missile.ms2
I/quake   ( 5398):  meshing progs/missile.mdl...
I/quake   ( 5398):  
I/quake   ( 5398): FindFile: can't find glquake/grenade.ms2
I/quake   ( 5398):  meshing progs/grenade.mdl...
I/quake   ( 5398):  
I/quake   ( 5398): FindFile: can't find glquake/spike.ms2
I/quake   ( 5398):  meshing progs/spike.mdl...
I/quake   ( 5398):  
I/quake   ( 5398): FindFile: can't find glquake/s_spike.ms2
I/quake   ( 5398):  meshing progs/s_spike.mdl...
I/quake   ( 5398):  
I/quake   ( 5398): FindFile: can't find glquake/backpack.ms2
I/quake   ( 5398):  meshing progs/backpack.mdl...
I/quake   ( 5398):  
I/quake   ( 5398): FindFile: can't find glquake/zom_gib.ms2
I/quake   ( 5398):  meshing progs/zom_gib.mdl...
I/quake   ( 5398):  
I/quake   ( 5398): FindFile: can't find glquake/v_light.ms2
I/quake   ( 5398):  meshing progs/v_light.mdl...
I/quake   ( 5398):  
I/quake   ( 5398): FindFile: can't find glquake/flame2.ms2
I/quake   ( 5398):  meshing progs/flame2.mdl...
I/quake   ( 5398):  
I/quake   ( 5398): FindFile: can't find glquake/flame.ms2
I/quake   ( 5398):  meshing progs/flame.mdl...
I/quake   ( 5398):  
I/quake   ( 5398): FindFile: can't find glquake/zombie.ms2
I/quake   ( 5398):  meshing progs/zombie.mdl...
I/quake   ( 5398):  
I/quake   ( 5398): FindFile: can't find glquake/h_zombie.ms2
I/quake   ( 5398):  meshing progs/h_zombie.mdl...
I/quake   ( 5398):  
I/ActivityManager( 2047): Process android.process.media (pid 5385) has died.
I/quake   ( 5398): FindFile: can't find glquake/w_g_key.ms2
I/quake   ( 5398):  meshing progs/w_g_key.mdl...
I/quake   ( 5398):  
I/quake   ( 5398): FindFile: can't find glquake/ogre.ms2
I/quake   ( 5398):  meshing progs/ogre.mdl...
I/quake   ( 5398):  
I/quake   ( 5398): FindFile: can't find glquake/h_ogre.ms2
I/quake   ( 5398):  meshing progs/h_ogre.mdl...
I/quake   ( 5398):  
I/quake   ( 5398): FindFile: can't find glquake/wizard.ms2
I/quake   ( 5398):  meshing progs/wizard.mdl...
I/quake   ( 5398):  
I/quake   ( 5398): FindFile: can't find glquake/h_wizard.ms2
I/quake   ( 5398):  meshing progs/h_wizard.mdl...
I/quake   ( 5398):  
W/AudioTrack( 5398): obtainBuffer() track 0x168de0 disabled, restarting
I/quake   ( 5398): FindFile: can't find glquake/w_spike.ms2
I/quake   ( 5398):  meshing progs/w_spike.mdl...
I/quake   ( 5398):  
I/quake   ( 5398): FindFile: can't find glquake/demon.ms2
I/quake   ( 5398):  meshing progs/demon.mdl...
I/quake   ( 5398):  
I/quake   ( 5398): FindFile: can't find glquake/h_demon.ms2
I/quake   ( 5398):  meshing progs/h_demon.mdl...
I/quake   ( 5398):  
I/quake   ( 5398): FindFile: can't find glquake/g_nail.ms2
I/quake   ( 5398):  meshing progs/g_nail.mdl...
I/quake   ( 5398):  
I/quake   ( 5398): FindFile: can't find glquake/g_shot.ms2
I/quake   ( 5398):  meshing progs/g_shot.mdl...
I/quake   ( 5398):  
I/quake   ( 5398): FindFile: can't find glquake/armor.ms2
I/quake   ( 5398):  meshing progs/armor.mdl...
I/quake   ( 5398):  
I/quake   ( 5398): FindFile: can't find glquake/g_rock.ms2
I/quake   ( 5398):  meshing progs/g_rock.mdl...
I/quake   ( 5398):  
I/quake   ( 5398): FindFile: can't find glquake/invisibl.ms2
I/quake   ( 5398):  meshing progs/invisibl.mdl...
I/quake   ( 5398):  
W/AudioTrack( 5398): obtainBuffer() track 0x168de0 disabled, restarting
I/ActivityManager( 2047): Process com.android.vending (pid 5408) has died.
I/ActivityManager( 2047): Low Memory: No more background processes.
W/AudioTrack( 5398): obtainBuffer() track 0x168de0 disabled, restarting
I/quake   ( 5398):  You got the  
I/quake   ( 5398):  shells 
I/quake   ( 5398):  
I/quake   ( 5398):  
I/quake   ( 5398):  You got the  
I/quake   ( 5398):  Grenade Launcher 
I/quake   ( 5398):  
I/quake   ( 5398):  
D/dalvikvm( 2306): GC_EXPLICIT freed 31K, 48% free 3234K/6215K, external 36K/512K, paused 183ms
D/dalvikvm( 2107): GC_EXPLICIT freed 100K, 50% free 3109K/6215K, external 194K/706K, paused 88ms
I/quake   ( 5398):  You receive  
I/quake   ( 5398):  25 
I/quake   ( 5398):   health
I/quake   ( 5398):  
I/quake   ( 5398):  You get  
I/quake   ( 5398):  2 
I/quake   ( 5398):   rockets   
I/quake   ( 5398):  
I/quake   ( 5398):  
I/usbd    ( 1460): process_usb_uevent_message(): cable type: usb
I/usbd    ( 1460): process_usb_uevent_message(): USB online
I/usbd    ( 1460): main(): Cable Status Changed, need to notify Cable Status to App 
I/usbd    ( 1460): usbd_notify_current_status(): Notifying App with Current Status : cable_connected 
I/BATTD   ( 1442): Battd USB INSERT = Success
I/BATTD   ( 1442): set_charge_current=100
D/UsbListener( 2107): handleEvent: cable_connected
D/MotUsbService( 2107): handleUsbCableAttachment()
D/MotUsbService( 2107): handleUsbEvent(), Received event: 0, current state: 0
D/UsbSettings( 2107): USB mode (UI) : 5
D/UsbListener( 2107): received usb mode change command from UI: usb_mode_msc_adb
D/UsbListener( 2107): Writing command usb_mode_msc_adb¿Ä to usbd
I/usbd    ( 1460): main(): Read and handle a pending message from the App 
I/usbd    ( 1460): usbd_socket_event(): recieved usb_mode_msc_adb
I/usbd    ( 1460): usbd_socket_event(): Matched new usb mode = 8 , current mode = 0
I/usbd    ( 1460): usbd_set_usb_mode(): new_mode: msc_adb
D/UsbListener( 2107): handleEvent: usb_mode_msc:ok
D/MotUsbService( 2107): handleUsbEvent(), Received event: 2, current state: 1
D/UsbSettings( 2107): USB mode (UI) : 5
D/UsbSettings( 2107): USB mode (UI) : 5
I/ActivityManager( 2047): Start proc com.android.settings for broadcast com.android.settings/.widget.SettingsAppWidgetProvider: pid=5442 uid=1000 gids={3003, 3002, 3001, 1015}
E/dalvikvm( 5442): could not disable core file generation for pid 5442: Operation not permitted
I/usbd    ( 1460): process_usb_uevent_message(): cable type: usb
I/usbd    ( 1460): process_usb_uevent_message(): USB online
I/usbd    ( 1460): main():  Spurious Cable Event, Ignore 
I/usbd    ( 1460): main(): get event from usb_device_fd
I/usbd    ( 1460): main(): devbuf: none:none:get_desc
I/usbd    ( 1460): rc: 18 usbd_curr_cable_status: 0
I/usbd    ( 1460): main(): pcSwitchbuf = none
I/usbd    ( 1460): main(): adbEnablebuf: none
I/usbd    ( 1460): main(): length = 9
I/usbd    ( 1460): main(): enubuf: get_desc
I/usbd    ( 1460): main(): received get_descriptor, enum in progress
I/usbd    ( 1460): main(): Notifying Apps that Get_Descriptor was called...
D/UsbListener( 2107): handleEvent: get_descriptor
D/MotUsbService( 2107): handleGetDescriptor()
D/UsbSettings( 2107): USB mode (UI) : 5
D/MotUsbService( 2107): setUsbConnectionNotificationVisibility()
D/UsbSettings( 2107): USB mode (UI) : 5
D/MotUsbService( 2107): enableInternalDataConnectivity(): true
I/usbd    ( 1460): process_usb_uevent_message(): cable type: usb
I/usbd    ( 1460): process_usb_uevent_message(): USB online
I/usbd    ( 1460): main():  Spurious Cable Event, Ignore 
E/dalvikvm( 5454): could not disable core file generation for pid 5454: Operation not permitted
I/ActivityManager( 2047): Start proc android.process.media for content provider com.android.providers.media/.MediaProvider: pid=5454 uid=10027 gids={1015, 2001, 3003}
D/UsbService( 2047): Got USB reconfiguration event, connected 1
I/usbd    ( 1460): process_usb_uevent_message(): cable type: usb
I/usbd    ( 1460): process_usb_uevent_message(): USB online
I/usbd    ( 1460): main():  Spurious Cable Event, Ignore 
I/usbd    ( 1460): main(): get event from usb_device_fd
I/usbd    ( 1460): main(): devbuf: none:none:enumerated
I/usbd    ( 1460): rc: 20 usbd_curr_cable_status: 0
I/usbd    ( 1460): main(): pcSwitchbuf = none
I/usbd    ( 1460): main(): adbEnablebuf: none
I/usbd    ( 1460): main(): length = 11
I/usbd    ( 1460): main(): enubuf: enumerated
I/usbd    ( 1460): main(): recieved enumerated
I/usbd    ( 1460): main(): usbd_app_fd  = 12
I/usbd    ( 1460): usbd_enum_process(): current usb mode = 8
I/usbd    ( 1460): usbd_enum_process(): send usbd_start_msc_mount to fd[12]
I/usbd    ( 1460): usbd_enum_process(): enum done
I/BATTD   ( 1442): set_charge_current=500
D/UsbListener( 2107): handleEvent: usbd_start_msc_mount
D/Tethering( 2047): sendTetherStateChangedBroadcast 1, 0, 0
D/Tethering( 2047): interfaceAdded :usb1
D/BluetoothNetworkService( 2047): updating tether state
D/BluetoothNetworkService( 2047): interface usb1
I/ActivityThread( 5454): Pub media: com.android.providers.media.MediaProvider
D/szipinf ( 5442): Initializing inflate state
V/MediaProvider( 5454): Attached volume: internal
V/MediaProvider( 5454): /mnt/sdcard volume ID: -63947351
I/ActivityManager( 2047): Process com.google.android.apps.maps (pid 4107) has died.
W/ActivityManager( 2047): Scheduling restart of crashed service com.google.android.apps.maps/com.google.googlenav.prefetch.android.PrefetcherService in 5000ms
I/ActivityManager( 2047): Low Memory: No more background processes.
D/SettingsAppWidgetProvider( 5442): Widget is from a previous version... Let's update
D/SettingsAppWidgetProvider( 5442): No instances yet... Wait for at least one instance to exist before adding global settings
V/MediaProvider( 5454): Attached volume: external
E/dalvikvm( 5469): could not disable core file generation for pid 5469: Operation not permitted
I/ActivityManager( 2047): Start proc com.google.android.apps.maps for broadcast com.google.android.apps.maps/com.google.googlenav.android.MapServiceReceiver: pid=5469 uid=10066 gids={3003, 1015}
I/ActivityThread( 5454): Pub downloads: com.android.providers.downloads.DownloadProvider
D/szipinf ( 5454): Initializing inflate state
D/MotUsbService( 2107): handleStartService(), received event usbd_start_msc_mount
D/UsbSettings( 2107): USB mode (UI) : 5
I/StorageNotification( 2107): UMS connection changed to true (media state mounted)
I/ActivityThread( 5454): Pub drm: com.android.providers.drm.DrmProvider
I/ActivityManager( 2047): Process com.android.settings (pid 5442) has died.
I/ActivityManager( 2047): Low Memory: No more background processes.
I/AudioService( 2047):  AudioFocus  requestAudioFocus() from android.media.AudioManager@407484e8
W/NotificationService( 2047): Notification sound delayed by 3250msecs
D/dalvikvm( 5469): GC_CONCURRENT freed 136K, 47% free 3030K/5639K, external 0K/0K, paused 61ms+14ms
I/quake   ( 5398):  Looking for Quake servers...
I/quake   ( 5398):  
I/quake   ( 5398):  Server          Map             Users
I/quake   ( 5398):  
I/quake   ( 5398):  --------------- --------------- -----
I/quake   ( 5398):  
I/ActivityThread( 5469): Pub com.google.android.maps.LayerInfoProvider: com.google.googlenav.layer.LayerInfoProvider
I/ActivityThread( 5469): Pub com.google.android.maps.TrafficAppWidgetProvider: com.google.googlenav.appwidget.traffic.TrafficAppWidgetProvider
I/ActivityThread( 5469): Pub com.google.android.maps.LocalActivePlacesProvider: com.google.googlenav.provider.LocalActivePlacesProvider
I/ActivityThread( 5469): Pub com.google.android.maps.StarredItemProvider: com.google.googlenav.provider.StarredItemProvider
D/dalvikvm( 5469): GC_CONCURRENT freed 153K, 45% free 3302K/5959K, external 0K/0K, paused 5ms+25ms
I/ActivityThread( 5469): Pub com.google.android.maps.LocalSuggestionProvider: com.google.googlenav.provider.LocalSuggestionProvider
I/ActivityThread( 5469): Pub com.google.android.maps.SearchHistoryProvider: com.google.googlenav.provider.SearchHistoryProvider
I/ActivityThread( 5469): Pub com.google.android.maps.NavigationAvailabilityProvider: com.google.googlenav.provider.NavigationAvailabilityProvider
I/ActivityThread( 5469): Pub com.google.android.maps.SuggestionProvider: com.google.googlenav.suggest.android.SuggestContentProvider
E/dalvikvm( 5479): could not disable core file generation for pid 5479: Operation not permitted
I/ActivityManager( 2047): Start proc com.google.android.apps.plus for broadcast com.google.android.apps.plus/.iu.BatteryReceiver: pid=5479 uid=10061 gids={3003, 3002, 1015, 1006}
D/dalvikvm( 2047): GC_CONCURRENT freed 1131K, 41% free 5954K/9927K, external 1601K/2113K, paused 31ms+22ms
I/quake   ( 5398):  No Quake servers found.
I/quake   ( 5398): 
I/quake   ( 5398):  
I/quake   ( 5398):  Host_Error: CL_Connect: connect failed
I/quake   ( 5398): 
I/quake   ( 5398):  
I/quake   ( 5398):  ]
I/quake   ( 5398):  
I/ActivityManager( 2047): Process com.google.android.apps.maps (pid 5469) has died.
D/dalvikvm( 5479): GC_CONCURRENT freed 137K, 47% free 3030K/5639K, external 0K/0K, paused 26ms+3ms
I/ActivityThread( 5479): Pub com.google.android.apps.plus.content.EsProvider: com.google.android.apps.plus.content.EsProvider
I/ActivityThread( 5479): Pub com.google.android.apps.plus.content.ApiProvider: com.google.android.apps.plus.content.EsApiProvider
I/AudioService( 2047):  AudioFocus  abandonAudioFocus() from android.media.AudioManager@407484e8
I/ActivityThread( 5479): Pub com.google.android.apps.plus.content.EsGooglePhotoProvider: com.google.android.picasasync.PicasaContentProvider
I/ActivityManager( 2047): Start proc com.google.android.apps.maps for service com.google.android.apps.maps/com.google.googlenav.prefetch.android.PrefetcherService: pid=5488 uid=10066 gids={3003, 1015}
E/dalvikvm( 5488): could not disable core file generation for pid 5488: Operation not permitted
D/dalvikvm( 5479): GC_CONCURRENT freed 257K, 46% free 3283K/6023K, external 0K/0K, paused 12ms+18ms
I/ActivityThread( 5479): Pub com.google.android.apps.plus.content.EsPicasaStoreProvider: com.google.android.picasastore.PicasaPhotoContentProvider
I/quake   ( 5398):  ]
I/quake   ( 5398):  
I/ActivityThread( 5479): Pub com.google.plus.platform: com.google.android.apps.plus.content.AdsProvider
I/ActivityThread( 5479): Pub com.google.android.apps.plus.iu.EsGoogleIuProvider: com.google.android.apps.plus.iu.InstantUploadProvider
D/dalvikvm( 5488): GC_CONCURRENT freed 138K, 47% free 3028K/5639K, external 0K/0K, paused 3ms+16ms
D/dalvikvm( 5479): GC_CONCURRENT freed 461K, 47% free 3333K/6279K, external 0K/0K, paused 47ms+5ms
I/ActivityManager( 2047): Process android.process.media (pid 5454) has died.
I/ActivityManager( 2047): Low Memory: No more background processes.
I/quake   ( 5398):  ]
I/quake   ( 5398):  
D/dalvikvm( 5479): GC_FOR_MALLOC freed 214K, 47% free 3408K/6343K, external 0K/0K, paused 75ms
E/dalvikvm( 5498): could not disable core file generation for pid 5498: Operation not permitted
I/ActivityManager( 2047): Start proc android.process.media for content provider com.android.providers.media/.MediaProvider: pid=5498 uid=10027 gids={1015, 2001, 3003}
I/ActivityManager( 2047): Start proc com.cyanogenmod.cmparts for broadcast com.cyanogenmod.cmparts/.intents.LEDNotificationReceiver: pid=5503 uid=1000 gids={3003, 3002, 3001, 1015}
E/dalvikvm( 5503): could not disable core file generation for pid 5503: Operation not permitted
I/ActivityThread( 5488): Pub com.google.android.maps.LayerInfoProvider: com.google.googlenav.layer.LayerInfoProvider
I/ActivityThread( 5498): Pub media: com.android.providers.media.MediaProvider
V/MediaProvider( 5498): Attached volume: internal
V/MediaProvider( 5498): /mnt/sdcard volume ID: -63947351
D/szipinf ( 5503): Initializing inflate state
I/ActivityThread( 5488): Pub com.google.android.maps.TrafficAppWidgetProvider: com.google.googlenav.appwidget.traffic.TrafficAppWidgetProvider
I/ActivityThread( 5488): Pub com.google.android.maps.LocalActivePlacesProvider: com.google.googlenav.provider.LocalActivePlacesProvider
I/ActivityThread( 5488): Pub com.google.android.maps.StarredItemProvider: com.google.googlenav.provider.StarredItemProvider
V/MediaProvider( 5498): Attached volume: external
I/ActivityThread( 5498): Pub downloads: com.android.providers.downloads.DownloadProvider
D/szipinf ( 5498): Initializing inflate state
I/ActivityThread( 5503): Pub com.cyanogenmod.cmparts.provider.Settings: com.cyanogenmod.cmparts.provider.SettingsProvider
I/ActivityThread( 5498): Pub drm: com.android.providers.drm.DrmProvider
I/quake   ( 5398):  ]
I/quake   ( 5398):  
I/ActivityManager( 2047): Process com.google.android.apps.plus (pid 5479) has died.
W/ActivityManager( 2047): Scheduling restart of crashed service com.google.android.apps.plus/.iu.BatteryReceiver$AsyncService in 5000ms
D/dalvikvm( 5488): GC_CONCURRENT freed 169K, 45% free 3325K/6023K, external 0K/0K, paused 3ms+12ms
I/ActivityManager( 2047): Process com.cyanogenmod.cmparts (pid 5503) has died.
I/ActivityManager( 2047): Low Memory: No more background processes.
I/ActivityThread( 5488): Pub com.google.android.maps.LocalSuggestionProvider: com.google.googlenav.provider.LocalSuggestionProvider
I/ActivityThread( 5488): Pub com.google.android.maps.SearchHistoryProvider: com.google.googlenav.provider.SearchHistoryProvider
I/ActivityThread( 5488): Pub com.google.android.maps.NavigationAvailabilityProvider: com.google.googlenav.provider.NavigationAvailabilityProvider
I/ActivityThread( 5488): Pub com.google.android.maps.SuggestionProvider: com.google.googlenav.suggest.android.SuggestContentProvider
D/dalvikvm( 5488): GC_CONCURRENT freed 280K, 44% free 3579K/6343K, external 0K/0K, paused 12ms+5ms
D/dalvikvm( 5488): GC_FOR_MALLOC freed 1K, 43% free 3778K/6599K, external 0K/0K, paused 46ms
I/dalvikvm-heap( 5488): Grow heap (frag case) to 6.307MB for 204816-byte allocation
I/quake   ( 5398):  ]
I/quake   ( 5398):  
D/dalvikvm( 5488): GC_FOR_MALLOC freed 0K, 42% free 3978K/6855K, external 0K/0K, paused 44ms
D/dalvikvm( 5488): GC_FOR_MALLOC freed 153K, 41% free 4087K/6855K, external 0K/0K, paused 50ms
D/dalvikvm( 5488): GC_FOR_MALLOC freed 10K, 40% free 4279K/7111K, external 0K/0K, paused 34ms
I/ActivityManager( 2047): Process android.process.media (pid 5498) has died.
I/ActivityManager( 2047): Low Memory: No more background processes.
I/quake   ( 5398):  ]
I/quake   ( 5398):  
I/quake   ( 5398):  ]
I/quake   ( 5398):  
I/quake   ( 5398):  ]
I/quake   ( 5398):  
I/quake   ( 5398):  ]
I/quake   ( 5398):  
D/dalvikvm( 2047): GC_FOR_MALLOC freed 832K, 41% free 5912K/9927K, external 1601K/2113K, paused 84ms
I/quake   ( 5398):  ]
I/quake   ( 5398):  
I/quake   ( 5398):  ]
I/quake   ( 5398):  
I/quake   ( 5398):  ]
I/quake   ( 5398):  
I/quake   ( 5398):  ]
I/quake   ( 5398):  
I/quake   ( 5398):  ]
I/quake   ( 5398):  
