--------- beginning of /dev/log/system
I/ActivityManager( 2047): Process com.android.email (pid 3446) has died.
I/PowerManagerService( 2047): clearUserActivity for 10000ms from now
I/ActivityManager( 2047): moveTaskToBack: 6
I/ActivityManager( 2047): Starting: Intent { act=android.intent.action.CALL_PRIVILEGED dat=tel:xxx-xxx-xxxx cmp=com.android.phone/.PrivilegedOutgoingCallBroadcaster } from pid 3501
I/ActivityManager( 2047): Starting: Intent { act=android.phone.extra.NEW_CALL_INTENT dat=tel:xxx-xxx-xxxx flg=0x10000000 cmp=com.android.phone/.SipCallOptionHandler (has extras) } from pid 2121
I/ActivityManager( 2047): Starting: Intent { act=android.intent.action.CALL dat=tel:xxx-xxx-xxxx flg=0x10000000 cmp=com.android.phone/.InCallScreen (has extras) } from pid 2121
I/PowerManagerService( 2047): clearUserActivity for 10000ms from now
I/ActivityManager( 2047): Starting: Intent { act=android.intent.action.VIEW typ=vnd.android.cursor.dir/calls flg=0x10000 cmp=com.android.contacts/.DialtactsActivity } from pid 2121
I/ActivityManager( 2047): moveTaskToBack: 6
I/ActivityManager( 2047): Starting: Intent { act=android.intent.action.MAIN cat=[android.intent.category.HOME] flg=0x10200000 cmp=com.android.launcher/.Launcher } from pid 2047
I/ActivityManager( 2047): Starting: Intent { act=android.intent.action.MAIN cat=[android.intent.category.HOME] flg=0x10200000 cmp=com.android.launcher/.Launcher } from pid 2047
I/ActivityManager( 2047): Process com.android.settings (pid 3490) has died.
I/ActivityManager( 2047): Start proc com.android.email for service com.android.email/.service.MailService: pid=3541 uid=10028 gids={3003, 1015}
I/ActivityManager( 2047): Start proc com.google.android.apps.plus for service com.google.android.apps.plus/.service.EsService: pid=3555 uid=10061 gids={3003, 3002, 1015, 1006}
I/ActivityManager( 2047): Start proc android.process.media for content provider com.android.providers.media/.MediaProvider: pid=3565 uid=10027 gids={1015, 2001, 3003}
I/ActivityManager( 2047): Process com.motorola.hiddenmenu (pid 3515) has died.
I/ActivityManager( 2047): Process com.cyanogenmod.cmparts (pid 3524) has died.
I/ActivityManager( 2047): Process android.process.contacts (pid 3501) has died.
I/WindowManager( 2047): WIN DEATH: Window{407b6d48 com.android.contacts/com.android.contacts.DialtactsActivity paused=false}
I/ActivityManager( 2047): Start proc com.android.settings for broadcast com.android.settings/.widget.SettingsAppWidgetProvider: pid=3587 uid=1000 gids={3003, 3002, 3001, 1015}
W/InputManagerService( 2047): Window already focused, ignoring focus gain of: com.android.internal.view.IInputMethodClient$Stub$Proxy@409090a0
I/ActivityManager( 2047): Starting: Intent { act=android.intent.action.MAIN cat=[android.intent.category.LAUNCHER] flg=0x10200000 cmp=com.android.contacts/.DialtactsActivity bnds=[96,777][192,854] } from pid 2129
I/ActivityManager( 2047): Start proc android.process.contacts for activity com.android.contacts/.DialtactsActivity: pid=3596 uid=10003 gids={1015, 3003}
I/ActivityManager( 2047): Process android.process.media (pid 3565) has died.
I/ActivityManager( 2047): Process com.google.android.apps.plus (pid 3555) has died.
I/ActivityManager( 2047): Starting: Intent { act=android.intent.action.VIEW dat=content://com.android.contacts/contacts/lookup/934i674ca67a8f028aa8/1315 cmp=com.android.contacts/.ViewContactActivity (has extras) } from pid 3596
I/ActivityManager( 2047): Starting: Intent { act=android.intent.action.CALL_PRIVILEGED dat=tel:xxx-xxx-xxxx cmp=com.android.phone/.PrivilegedOutgoingCallBroadcaster } from pid 3596
I/ActivityManager( 2047): Start proc com.motorola.hiddenmenu for broadcast com.motorola.hiddenmenu/.HiddenMenuReceiver: pid=3608 uid=1001 gids={3002, 3001, 3003, 1015}
I/ActivityManager( 2047): Starting: Intent { act=android.phone.extra.NEW_CALL_INTENT dat=tel:xxx-xxx-xxxx flg=0x10000000 cmp=com.android.phone/.SipCallOptionHandler (has extras) } from pid 2121
I/ActivityManager( 2047): Starting: Intent { act=android.intent.action.CALL dat=tel:xxx-xxx-xxxx flg=0x10000000 cmp=com.android.phone/.InCallScreen (has extras) } from pid 2121
I/ActivityManager( 2047): Start proc com.cyanogenmod.cmparts for broadcast com.cyanogenmod.cmparts/.intents.LEDNotificationReceiver: pid=3616 uid=1000 gids={3003, 3002, 3001, 1015}
I/ActivityManager( 2047): Process com.android.email (pid 3541) has died.
I/ActivityManager( 2047): Process com.android.settings (pid 3587) has died.
I/PowerManagerService( 2047): clearUserActivity for 10000ms from now
I/ActivityManager( 2047): moveTaskToBack: 6
I/ActivityManager( 2047): Start proc com.android.email for service com.android.email/.service.MailService: pid=3630 uid=10028 gids={3003, 1015}
D/StatusBarService( 2107): Notification has fullScreenIntent; sending fullScreenIntent
I/ActivityManager( 2047): Starting: Intent { act=android.intent.action.MAIN flg=0x10840000 cmp=com.android.phone/.InCallScreen } from pid -1
I/ActivityManager( 2047): Start proc android.process.media for content provider com.android.providers.media/.MediaProvider: pid=3646 uid=10027 gids={1015, 2001, 3003}
I/ActivityManager( 2047): Process com.motorola.hiddenmenu (pid 3608) has died.
W/InputManagerService( 2047): Window already focused, ignoring focus gain of: com.android.internal.view.IInputMethodClient$Stub$Proxy@4058b588
I/ActivityManager( 2047): Process com.android.email (pid 3630) has died.
I/ActivityManager( 2047): Start proc com.android.settings for broadcast com.android.settings/.widget.SettingsAppWidgetProvider: pid=3660 uid=1000 gids={3003, 3002, 3001, 1015}
I/ActivityManager( 2047): Process android.process.contacts (pid 3596) has died.
I/WindowManager( 2047): WIN DEATH: Window{4082dcd8 com.android.contacts/com.android.contacts.DialtactsActivity paused=false}
I/WindowManager( 2047): WIN DEATH: Window{40950560 com.android.contacts/com.android.contacts.ViewContactActivity paused=false}
I/PowerManagerService( 2047): clearUserActivity for 10000ms from now
I/ActivityManager( 2047): Start proc android.process.contacts for content provider com.android.providers.contacts/.CallLogProvider: pid=3669 uid=10003 gids={1015, 3003}
I/ActivityManager( 2047): moveTaskToBack: 6
I/ActivityManager( 2047): Starting: Intent { act=android.intent.action.MAIN cat=[android.intent.category.HOME] flg=0x10200000 cmp=com.android.launcher/.Launcher } from pid 2047
I/ActivityManager( 2047): Process com.android.settings (pid 3660) has died.
I/ActivityManager( 2047): Start proc com.android.email for service com.android.email/.service.MailService: pid=3688 uid=10028 gids={3003, 1015}
I/ActivityManager( 2047): Start proc com.google.android.apps.plus for service com.google.android.apps.plus/.service.EsService: pid=3702 uid=10061 gids={3003, 3002, 1015, 1006}
I/ActivityManager( 2047): Process com.cyanogenmod.cmparts (pid 3616) has died.
I/ActivityManager( 2047): Process android.process.contacts (pid 3669) has died.
I/WindowManager( 2047): WIN DEATH: Window{408241d8 com.android.contacts/com.android.contacts.DialtactsActivity paused=false}
I/ActivityManager( 2047): Start proc com.android.settings for broadcast com.android.settings/.widget.SettingsAppWidgetProvider: pid=3735 uid=1000 gids={3003, 3002, 3001, 1015}
W/InputManagerService( 2047): Window already focused, ignoring focus gain of: com.android.internal.view.IInputMethodClient$Stub$Proxy@408e67e0
I/ActivityManager( 2047): Starting: Intent { act=com.android.launcher.action.launcheraction flg=0x10000000 cmp=com.android.launcher/.CustomShirtcutActivity bnds=[192,777][288,854] (has extras) } from pid 2129
W/InputManagerService( 2047): Window already focused, ignoring focus gain of: com.android.internal.view.IInputMethodClient$Stub$Proxy@4087b160
I/ActivityManager( 2047): Process android.process.media (pid 3646) has died.
I/ActivityManager( 2047): Starting: Intent { act=android.settings.APPLICATION_DETAILS_SETTINGS dat=package:tk.niuzb.quake cmp=com.android.settings/.applications.InstalledAppDetails } from pid 2129
W/InputManagerService( 2047): Starting input on non-focused client com.android.internal.view.IInputMethodClient$Stub$Proxy@407e9010 (uid=10003 pid=2129)
I/ActivityManager( 2047): Process com.google.android.apps.plus (pid 3702) has died.
I/ActivityManager( 2047): Starting: Intent { act=android.intent.action.DELETE dat=package:tk.niuzb.quake cmp=com.android.packageinstaller/.UninstallerActivity } from pid 3735
I/ActivityManager( 2047): Process com.android.email (pid 3688) has died.
I/ActivityManager( 2047): Low Memory: No more background processes.
I/ActivityManager( 2047): Start proc com.android.packageinstaller for activity com.android.packageinstaller/.UninstallerActivity: pid=3747 uid=10038 gids={}
I/ActivityManager( 2047): Process com.snda.cloudary (pid 2998) has died.
W/ActivityManager( 2047): Scheduling restart of crashed service com.snda.cloudary/.appwidget.CloudaryAppWidgetService in 5000ms
I/ActivityManager( 2047): Low Memory: No more background processes.
I/WindowManager( 2047): WIN DEATH: Window{40889aa8 com.snda.cloudary/com.snda.cloudary.PageShelfTabHost paused=false}
I/WindowManager( 2047): WIN DEATH: Window{4086a328 com.snda.cloudary/com.snda.cloudary.bookreader.BookReaderActivity paused=false}
I/ActivityManager( 2047): Starting: Intent { act=android.intent.action.VIEW cmp=com.android.packageinstaller/.UninstallAppProgress (has extras) } from pid 3747
I/ActivityManager( 2047): Force stopping package tk.niuzb.quake uid=10071
I/ActivityManager( 2047): Process com.android.settings (pid 3735) has died.
I/ActivityManager( 2047): Low Memory: No more background processes.
I/ActivityManager( 2047): Force stopping package tk.niuzb.quake uid=10071
I/ActivityManager( 2047): Start proc com.tmobile.thememanager for broadcast com.tmobile.thememanager/.receiver.ThemePackageReceiver: pid=3756 uid=1300 gids={-1}
D/VoldCmdListener( 1453): asec unmount tk.niuzb.quake-1 force
W/Vold    ( 1453): tk.niuzb.quake-1 unmount attempt 1 failed (Device or resource busy)
I/ActivityManager( 2047): Start proc com.android.voicedialer for broadcast com.android.voicedialer/.VoiceDialerReceiver: pid=3764 uid=10052 gids={3002}
E/ProcessKiller( 1453): Process com.android.packageinstaller (3747) has open file /mnt/asec/tk.niuzb.quake-1/pkg.apk
I/ActivityManager( 2047): Start proc com.android.vending for broadcast com.android.vending/com.google.android.finsky.receivers.PackageMonitorReceiver$RegisteredReceiver: pid=3772 uid=10023 gids={3003, 1015}
I/ActivityManager( 2047): Start proc com.snda.cloudary for service com.snda.cloudary/.appwidget.CloudaryAppWidgetService: pid=3797 uid=10068 gids={1015, 3003}
W/Vold    ( 1453): tk.niuzb.quake-1 unmount attempt 2 failed (Device or resource busy)
E/ProcessKiller( 1453): Process com.android.packageinstaller (3747) has open file /mnt/asec/tk.niuzb.quake-1/pkg.apk
I/ActivityManager( 2047): Start proc com.google.android.apps.plus for broadcast com.google.android.apps.plus/.service.PackagesMediaMonitor: pid=3805 uid=10061 gids={3003, 3002, 1015, 1006}
I/ActivityManager( 2047): Start proc android.process.media for content provider com.android.providers.downloads/.DownloadProvider: pid=3813 uid=10027 gids={1015, 2001, 3003}
W/Vold    ( 1453): tk.niuzb.quake-1 unmount attempt 3 failed (Device or resource busy)
E/ProcessKiller( 1453): Process com.android.packageinstaller (3747) has open file /mnt/asec/tk.niuzb.quake-1/pkg.apk
W/ProcessKiller( 1453): Sending SIGHUP to process 3747
I/WindowManager( 2047): WINDOW DIED Window{4094f3f8 com.android.packageinstaller/com.android.packageinstaller.UninstallAppProgress paused=false}
I/ActivityManager( 2047): Process com.android.packageinstaller (pid 3747) has died.
W/InputManagerService( 2047): Got RemoteException sending setActive(false) notification to pid 3747 uid 10038
I/ActivityManager( 2047): Start proc com.noshufou.android.su for broadcast com.noshufou.android.su/.UninstallReceiver: pid=3830 uid=10047 gids={3003, 1015}
D/VoldCmdListener( 1453): asec destroy tk.niuzb.quake-1 force
I/ActivityManager( 2047): Start proc com.google.android.googlequicksearchbox for broadcast com.google.android.googlequicksearchbox/.SourceUpdateReceiver: pid=3846 uid=10049 gids={3003}
I/ActivityManager( 2047): Start proc com.android.defcontainer for service com.android.defcontainer/.DefaultContainerService: pid=3859 uid=10024 gids={1015, 2001}
I/ActivityManager( 2047): Start proc com.android.settings for broadcast com.android.settings/.widget.SettingsAppWidgetProvider: pid=3882 uid=1000 gids={3003, 3002, 3001, 1015}
I/ActivityManager( 2047): Start proc com.cyanogenmod.cmparts for broadcast com.cyanogenmod.cmparts/.intents.LEDNotificationReceiver: pid=3899 uid=1000 gids={3003, 3002, 3001, 1015}
I/StorageNotification( 2107): UMS connection changed to true (media state mounted)
I/ActivityManager( 2047): Process com.tmobile.thememanager (pid 3756) has died.
I/ActivityManager( 2047): Process com.android.voicedialer (pid 3764) has died.
I/ActivityManager( 2047): Start proc com.android.email for service com.android.email/.service.MailService: pid=3917 uid=10028 gids={3003, 1015}
I/ActivityManager( 2047): Process com.noshufou.android.su (pid 3830) has died.
I/ActivityManager( 2047): Process com.google.android.googlequicksearchbox (pid 3846) has died.
W/InputManagerService( 2047): Window already focused, ignoring focus gain of: com.android.internal.view.IInputMethodClient$Stub$Proxy@4073a430
W/ActivityManager( 2047): No content provider found for: 
D/VoldCmdListener( 1453): asec list
D/VoldCmdListener( 1453): asec create smdl2tmp1 11 fat {} 10024
I/Vold    ( 1453): Filesystem formatted OK
D/VoldCmdListener( 1453): asec path smdl2tmp1
D/VoldCmdListener( 1453): asec finalize smdl2tmp1
D/VoldCmdListener( 1453): asec unmount smdl2tmp1 force
W/ActivityManager( 2047): No content provider found for: 
D/VoldCmdListener( 1453): asec mount smdl2tmp1 {} 1000
D/VoldCmdListener( 1453): asec path smdl2tmp1
I/ActivityManager( 2047): Process com.snda.cloudary (pid 3797) has died.
W/ActivityManager( 2047): Scheduling restart of crashed service com.snda.cloudary/.appwidget.CloudaryAppWidgetService in 5000ms
D/VoldCmdListener( 1453): asec unmount smdl2tmp1 force
D/VoldCmdListener( 1453): asec rename smdl2tmp1 tk.niuzb.quake-1
W/PackageManager( 2047): Mounting container tk.niuzb.quake-1
D/VoldCmdListener( 1453): asec mount tk.niuzb.quake-1 {} 1000
D/VoldCmdListener( 1453): asec path tk.niuzb.quake-1
I/PackageManager( 2047): Linking native library dir for /mnt/asec/tk.niuzb.quake-1/pkg.apk
I/ActivityManager( 2047): Force stopping package tk.niuzb.quake uid=10071
W/RecognitionManagerService( 2047): no available voice recognition services found
I/ActivityManager( 2047): Start proc com.svox.pico for broadcast com.svox.pico/.VoiceDataInstallerReceiver: pid=4065 uid=10041 gids={}
I/ActivityManager( 2047): Start proc com.google.android.partnersetup for broadcast com.google.android.partnersetup/.AppInstalledReceiver: pid=4073 uid=10044 gids={}
I/ActivityManager( 2047): Process com.google.android.apps.maps (pid 2675) has died.
W/ActivityManager( 2047): Scheduling restart of crashed service com.google.android.apps.maps/com.google.googlenav.prefetch.android.PrefetcherService in 10140ms
I/ActivityManager( 2047): Start proc com.tmobile.thememanager for broadcast com.tmobile.thememanager/.receiver.ThemePackageReceiver: pid=4081 uid=1300 gids={-1}
I/ActivityManager( 2047): Start proc com.android.voicedialer for broadcast com.android.voicedialer/.VoiceDialerReceiver: pid=4089 uid=10052 gids={3002}
I/ActivityManager( 2047): Start proc com.snda.cloudary for service com.snda.cloudary/.appwidget.CloudaryAppWidgetService: pid=4096 uid=10068 gids={1015, 3003}
I/ActivityManager( 2047): Process android.process.media (pid 3813) has died.
I/ActivityManager( 2047): Start proc com.google.android.apps.maps for broadcast com.google.android.apps.maps/com.google.android.location.internal.NlpPackageUpdateReceiver: pid=4107 uid=10066 gids={3003, 1015}
I/ActivityManager( 2047): Process com.android.settings (pid 3882) has died.
I/ActivityManager( 2047): Start proc com.noshufou.android.su for broadcast com.noshufou.android.su/.InstallReceiver: pid=4123 uid=10047 gids={3003, 1015}
I/ActivityManager( 2047): Process com.cyanogenmod.cmparts (pid 3899) has died.
I/ActivityManager( 2047): Start proc com.google.android.googlequicksearchbox for broadcast com.google.android.googlequicksearchbox/.SourceUpdateReceiver: pid=4131 uid=10049 gids={3003}
I/ActivityManager( 2047): Process com.android.email (pid 3917) has died.
I/ActivityManager( 2047): Process com.google.android.partnersetup (pid 4073) has died.
I/ActivityManager( 2047): Start proc com.android.settings for broadcast com.android.settings/.widget.SettingsAppWidgetProvider: pid=4166 uid=1000 gids={3003, 3002, 3001, 1015}
W/InputManagerService( 2047): Window already focused, ignoring focus gain of: com.android.internal.view.IInputMethodClient$Stub$Proxy@40863940
I/ActivityManager( 2047): Starting: Intent { act=com.android.launcher.action.launcheraction flg=0x10000000 cmp=com.android.launcher/.CustomShirtcutActivity bnds=[192,777][288,854] (has extras) } from pid 2129
W/InputManagerService( 2047): Window already focused, ignoring focus gain of: com.android.internal.view.IInputMethodClient$Stub$Proxy@40767338
I/ActivityManager( 2047): Starting: Intent { act=android.intent.action.MAIN cat=[android.intent.category.LAUNCHER] flg=0x10200000 cmp=tk.niuzb.quake/.CoverActivity } from pid 2129
I/ActivityManager( 2047): Start proc tk.niuzb.quake for activity tk.niuzb.quake/.CoverActivity: pid=4175 uid=10071 gids={3003, 1015}
I/WindowManager( 2047): Setting rotation to 1, animFlags=1
I/ActivityManager( 2047): Config changed: { scale=1.0 imsi=460/2 loc=zh_CN touch=3 keys=2/1/2 nav=2/2 orien=2 layout=34 uiMode=17 seq=27 themeResource=null}
I/ActivityManager( 2047): Process com.android.defcontainer (pid 3859) has died.
I/ActivityManager( 2047): Starting: Intent { cmp=tk.niuzb.quake/tk.niuzb.quake3.QuakeActivity } from pid 4175
I/ActivityManager( 2047): Process com.android.voicedialer (pid 4089) has died.
I/ActivityManager( 2047): Process com.svox.pico (pid 4065) has died.
I/ActivityManager( 2047): Process com.tmobile.thememanager (pid 4081) has died.
I/ActivityManager( 2047): Process com.google.android.apps.plus (pid 3805) has died.
I/ActivityManager( 2047): Process com.noshufou.android.su (pid 4123) has died.
I/ActivityManager( 2047): Process com.google.android.googlequicksearchbox (pid 4131) has died.
I/ActivityManager( 2047): Process com.android.vending (pid 3772) has died.
I/ActivityManager( 2047): Process com.android.settings (pid 4166) has died.
I/ActivityManager( 2047): Low Memory: No more background processes.
I/ActivityManager( 2047): Config changed: { scale=1.0 imsi=460/2 loc=zh_CN touch=3 keys=2/1/1 nav=2/1 orien=2 layout=34 uiMode=17 seq=28 themeResource=null}
I/WindowManager( 2047): WIN DEATH: Window{407f4540 SurfaceView paused=false}
I/ActivityManager( 2047): Process tk.niuzb.quake (pid 4175) has died.
I/WindowManager( 2047): WIN DEATH: Window{40773018 tk.niuzb.quake/tk.niuzb.quake.CoverActivity paused=false}
I/WindowManager( 2047): WIN DEATH: Window{407acea0 tk.niuzb.quake/tk.niuzb.quake3.QuakeActivity paused=false}
I/ActivityManager( 2047): Start proc tk.niuzb.quake for activity tk.niuzb.quake/.CoverActivity: pid=4199 uid=10071 gids={3003, 1015}
I/ActivityManager( 2047): Low Memory: No more background processes.
W/InputManagerService( 2047): Got RemoteException sending setActive(false) notification to pid 4175 uid 10071
I/ActivityManager( 2047): Starting: Intent { cmp=tk.niuzb.quake/tk.niuzb.game.SetPreferencesActivity } from pid 4199
I/ActivityManager( 2047): Start proc com.google.android.googlequicksearchbox for broadcast com.google.android.googlequicksearchbox/.SearchWidgetProvider: pid=4211 uid=10049 gids={3003}
I/WindowManager( 2047): Setting rotation to 0, animFlags=1
I/ActivityManager( 2047): Config changed: { scale=1.0 imsi=460/2 loc=zh_CN touch=3 keys=2/1/2 nav=2/2 orien=1 layout=34 uiMode=17 seq=29 themeResource=null}
I/ActivityManager( 2047): Start proc com.android.email for service com.android.email/.service.MailService: pid=4229 uid=10028 gids={3003, 1015}
W/ProcessStats( 2047): Skipping unknown process pid 4248
I/ActivityManager( 2047): Start proc com.android.settings for broadcast com.android.settings/.widget.SettingsAppWidgetProvider: pid=4256 uid=1000 gids={3003, 3002, 3001, 1015}
I/StorageNotification( 2107): UMS connection changed to false (media state mounted)
I/ActivityManager( 2047): Start proc com.google.android.apps.plus for broadcast com.google.android.apps.plus/.iu.BatteryReceiver: pid=4266 uid=10061 gids={3003, 3002, 1015, 1006}
I/ActivityManager( 2047): Start proc android.process.media for content provider com.android.providers.media/.MediaProvider: pid=4275 uid=10027 gids={1015, 2001, 3003}
I/ActivityManager( 2047): Start proc com.hiapk.marketpho for broadcast com.hiapk.marketpho/com.hiapk.marketmob.AppStateReceiver: pid=4298 uid=10067 gids={3003, 1015, 1006, 1007}
I/ActivityManager( 2047): Start proc com.android.providers.calendar for broadcast com.android.providers.calendar/.CalendarReceiver: pid=4364 uid=10016 gids={3003}
W/ProcessStats( 2047): Skipping unknown process pid 4376
W/ProcessStats( 2047): Skipping unknown process pid 4377
I/StorageNotification( 2107): UMS connection changed to true (media state mounted)
I/ActivityManager( 2047): Start proc com.cyanogenmod.cmparts for broadcast com.cyanogenmod.cmparts/.intents.LEDNotificationReceiver: pid=4384 uid=1000 gids={3003, 3002, 3001, 1015}
I/ActivityManager( 2047): Process tk.niuzb.quake (pid 4199) has died.
I/StorageNotification( 2107): UMS connection changed to false (media state mounted)
I/StorageNotification( 2107): UMS connection changed to true (media state mounted)
I/UsageStats( 2047): Deleting usage file : usage-20120809
W/InputManagerService( 2047): Window already focused, ignoring focus gain of: com.android.internal.view.IInputMethodClient$Stub$Proxy@40532e00
I/ActivityManager( 2047): Starting: Intent { act=com.android.launcher.action.launcheraction flg=0x10000000 cmp=com.android.launcher/.CustomShirtcutActivity bnds=[192,777][288,854] (has extras) } from pid 2129
W/InputManagerService( 2047): Window already focused, ignoring focus gain of: com.android.internal.view.IInputMethodClient$Stub$Proxy@407dd2c0
I/ActivityManager( 2047): Starting: Intent { act=android.intent.action.MAIN cat=[android.intent.category.LAUNCHER] flg=0x10200000 cmp=tk.niuzb.quake/.CoverActivity } from pid 2129
I/ActivityManager( 2047): Start proc tk.niuzb.quake for activity tk.niuzb.quake/.CoverActivity: pid=4424 uid=10071 gids={3003, 1015}
I/WindowManager( 2047): Setting rotation to 1, animFlags=1
I/ActivityManager( 2047): Config changed: { scale=1.0 imsi=460/2 loc=zh_CN touch=3 keys=2/1/2 nav=2/2 orien=2 layout=34 uiMode=17 seq=30 themeResource=null}
I/ActivityManager( 2047): Process com.snda.cloudary (pid 4096) has died.
W/ActivityManager( 2047): Scheduling restart of crashed service com.snda.cloudary/.appwidget.CloudaryAppWidgetService in 5000ms
I/ActivityManager( 2047): Starting: Intent { cmp=tk.niuzb.quake/tk.niuzb.quake3.QuakeActivity } from pid 4424
I/ActivityManager( 2047): Process com.google.android.googlequicksearchbox (pid 4211) has died.
I/ActivityManager( 2047): Process com.hiapk.marketpho (pid 4298) has died.
I/ActivityManager( 2047): Process com.android.providers.calendar (pid 4364) has died.
I/ActivityManager( 2047): Process com.cyanogenmod.cmparts (pid 4384) has died.
I/ActivityManager( 2047): Process com.google.android.apps.plus (pid 4266) has died.
I/ActivityManager( 2047): Start proc com.snda.cloudary for service com.snda.cloudary/.appwidget.CloudaryAppWidgetService: pid=4438 uid=10068 gids={1015, 3003}
I/ActivityManager( 2047): Process android.process.media (pid 4275) has died.
I/ActivityManager( 2047): Process com.android.email (pid 4229) has died.
I/ActivityManager( 2047): Process com.android.settings (pid 4256) has died.
I/ActivityManager( 2047): Low Memory: No more background processes.
I/WindowManager( 2047): WIN DEATH: Window{40835390 SurfaceView paused=false}
I/ActivityManager( 2047): Process tk.niuzb.quake (pid 4424) has died.
I/WindowManager( 2047): WIN DEATH: Window{407acea0 tk.niuzb.quake/tk.niuzb.quake3.QuakeActivity paused=false}
I/WindowManager( 2047): WIN DEATH: Window{40547bc0 tk.niuzb.quake/tk.niuzb.quake.CoverActivity paused=false}
I/WindowManager( 2047): Setting rotation to 0, animFlags=1
I/ActivityManager( 2047): Start proc tk.niuzb.quake for activity tk.niuzb.quake/.CoverActivity: pid=4456 uid=10071 gids={3003, 1015}
I/ActivityManager( 2047): Low Memory: No more background processes.
I/ActivityManager( 2047): Config changed: { scale=1.0 imsi=460/2 loc=zh_CN touch=3 keys=2/1/2 nav=2/2 orien=1 layout=34 uiMode=17 seq=31 themeResource=null}
I/WindowManager( 2047): Setting rotation to 1, animFlags=1
I/ActivityManager( 2047): Config changed: { scale=1.0 imsi=460/2 loc=zh_CN touch=3 keys=2/1/2 nav=2/2 orien=2 layout=34 uiMode=17 seq=32 themeResource=null}
W/InputManagerService( 2047): Got RemoteException sending setActive(false) notification to pid 4424 uid 10071
I/WindowManager( 2047): Setting rotation to 0, animFlags=1
I/ActivityManager( 2047): Config changed: { scale=1.0 imsi=460/2 loc=zh_CN touch=3 keys=2/1/2 nav=2/2 orien=1 layout=34 uiMode=17 seq=33 themeResource=null}
I/ActivityManager( 2047): Start proc com.android.settings for broadcast com.android.settings/.widget.SettingsAppWidgetProvider: pid=4469 uid=1000 gids={3003, 3002, 3001, 1015}
I/WindowManager( 2047): Setting rotation to 1, animFlags=1
I/ActivityManager( 2047): Config changed: { scale=1.0 imsi=460/2 loc=zh_CN touch=3 keys=2/1/2 nav=2/2 orien=2 layout=34 uiMode=17 seq=34 themeResource=null}
W/InputManagerService( 2047): Window already focused, ignoring focus gain of: com.android.internal.view.IInputMethodClient$Stub$Proxy@408d0d38
I/ActivityManager( 2047): Starting: Intent { act=android.intent.action.MAIN cat=[android.intent.category.HOME] flg=0x10200000 cmp=com.android.launcher/.Launcher } from pid 2047
I/WindowManager( 2047): Setting rotation to 0, animFlags=1
I/ActivityManager( 2047): Config changed: { scale=1.0 imsi=460/2 loc=zh_CN touch=3 keys=2/1/2 nav=2/2 orien=1 layout=34 uiMode=17 seq=35 themeResource=null}
I/ActivityManager( 2047): Starting: Intent { cmp=com.motorola.usb/.UsbModeSelectionActivity bnds=[0,199][480,295] } from pid -1
W/ActivityManager( 2047): startActivity called from non-Activity context; forcing Intent.FLAG_ACTIVITY_NEW_TASK for: Intent { flg=0x800000 cmp=com.motorola.usb/.UsbModeSelectionActivity bnds=[0,199][480,295] }
W/InputManagerService( 2047): Window already focused, ignoring focus gain of: com.android.internal.view.IInputMethodClient$Stub$Proxy@4088ba10
I/ActivityManager( 2047): Start proc com.android.email for service com.android.email/.service.MailService: pid=4482 uid=10028 gids={3003, 1015}
I/ActivityManager( 2047): Start proc com.google.android.apps.plus for service com.google.android.apps.plus/.service.EsService: pid=4512 uid=10061 gids={3003, 3002, 1015, 1006}
I/ActivityManager( 2047): Start proc android.process.media for content provider com.android.providers.media/.MediaProvider: pid=4521 uid=10027 gids={1015, 2001, 3003}
W/ProcessStats( 2047): Skipping unknown process pid 4544
W/ProcessStats( 2047): Skipping unknown process pid 4545
I/StorageNotification( 2107): UMS connection changed to false (media state mounted)
I/ActivityManager( 2047): Start proc android.process.contacts for content provider com.android.providers.contacts/.ContactsProvider2: pid=4556 uid=10003 gids={1015, 3003}
I/ActivityManager( 2047): Start proc com.cyanogenmod.cmparts for broadcast com.cyanogenmod.cmparts/.intents.LEDNotificationReceiver: pid=4565 uid=1000 gids={3003, 3002, 3001, 1015}
W/InputManagerService( 2047): Window already focused, ignoring focus gain of: com.android.internal.view.IInputMethodClient$Stub$Proxy@4085b1a0
I/ActivityManager( 2047): Starting: Intent { dat=content://mms-sms/conversations/44 flg=0x34000000 cmp=com.android.mms/.ui.ComposeMessageActivity bnds=[0,199][480,295] } from pid -1
W/InputManagerService( 2047): Starting input on non-focused client com.android.internal.view.IInputMethodClient$Stub$Proxy@40716e00 (uid=10036 pid=2306)
W/InputManagerService( 2047): Starting input on non-focused client com.android.internal.view.IInputMethodClient$Stub$Proxy@40716e00 (uid=10036 pid=2306)
W/InputManagerService( 2047): Starting input on non-focused client com.android.internal.view.IInputMethodClient$Stub$Proxy@40716e00 (uid=10036 pid=2306)
I/ActivityManager( 2047): Starting: Intent { act=android.intent.action.MAIN cat=[android.intent.category.HOME] flg=0x10200000 cmp=com.android.launcher/.Launcher } from pid 2047
D/StatusBarService( 2107): Notification has fullScreenIntent; sending fullScreenIntent
I/ActivityManager( 2047): Starting: Intent { act=android.intent.action.MAIN flg=0x10840000 cmp=com.android.phone/.InCallScreen } from pid -1
I/ActivityManager( 2047): Process com.snda.cloudary (pid 4438) has died.
W/ActivityManager( 2047): Scheduling restart of crashed service com.snda.cloudary/.appwidget.CloudaryAppWidgetService in 5000ms
I/ActivityManager( 2047): Start proc com.snda.cloudary for service com.snda.cloudary/.appwidget.CloudaryAppWidgetService: pid=4600 uid=10068 gids={1015, 3003}
I/WindowManager( 2047): WIN DEATH: Window{40839c50 tk.niuzb.quake/tk.niuzb.quake.CoverActivity paused=false}
I/ActivityManager( 2047): Process tk.niuzb.quake (pid 4456) has died.
I/PowerManagerService( 2047): clearUserActivity for 10000ms from now
I/ActivityManager( 2047): moveTaskToBack: 6
I/ActivityManager( 2047): moveTaskToBack: 6
D/StatusBarService( 2107): Notification has fullScreenIntent; sending fullScreenIntent
I/ActivityManager( 2047): Starting: Intent { act=android.intent.action.MAIN flg=0x10840000 cmp=com.android.phone/.InCallScreen } from pid -1
I/PowerManagerService( 2047): clearUserActivity for 10000ms from now
I/ActivityManager( 2047): moveTaskToBack: 6
W/InputManagerService( 2047): Window already focused, ignoring focus gain of: com.android.internal.view.IInputMethodClient$Stub$Proxy@40861240
D/StatusBarService( 2107): Notification has fullScreenIntent; sending fullScreenIntent
I/ActivityManager( 2047): Starting: Intent { act=android.intent.action.MAIN flg=0x10840000 cmp=com.android.phone/.InCallScreen } from pid -1
I/PowerManagerService( 2047): clearUserActivity for 10000ms from now
I/ActivityManager( 2047): moveTaskToBack: 6
I/ActivityManager( 2047): moveTaskToBack: 6
D/StatusBarService( 2107): Notification has fullScreenIntent; sending fullScreenIntent
I/ActivityManager( 2047): Starting: Intent { act=android.intent.action.MAIN flg=0x10840000 cmp=com.android.phone/.InCallScreen } from pid -1
W/InputManagerService( 2047): Window already focused, ignoring focus gain of: com.android.internal.view.IInputMethodClient$Stub$Proxy@406d9ee8
I/PowerManagerService( 2047): clearUserActivity for 10000ms from now
I/ActivityManager( 2047): moveTaskToBack: 6
I/ActivityManager( 2047): moveTaskToBack: 6
I/ActivityManager( 2047): Start proc com.hiapk.marketpho for broadcast com.hiapk.marketpho/com.hiapk.marketmob.AppStateReceiver: pid=4648 uid=10067 gids={3003, 1015, 1006, 1007}
D/StatusBarService( 2107): Notification has fullScreenIntent; sending fullScreenIntent
I/ActivityManager( 2047): Starting: Intent { act=android.intent.action.MAIN flg=0x10840000 cmp=com.android.phone/.InCallScreen } from pid -1
I/ActivityManager( 2047): Process com.android.settings (pid 4469) has died.
I/PowerManagerService( 2047): clearUserActivity for 10000ms from now
I/ActivityManager( 2047): moveTaskToBack: 6
I/ActivityManager( 2047): moveTaskToBack: 6
W/InputManagerService( 2047): Starting input on non-focused client com.android.internal.view.IInputMethodClient$Stub$Proxy@4078e540 (uid=1001 pid=2121)
W/InputManagerService( 2047): Window already focused, ignoring focus gain of: com.android.internal.view.IInputMethodClient$Stub$Proxy@4096e9e0
I/ActivityManager( 2047): Start proc com.android.settings for broadcast com.android.settings/.widget.SettingsAppWidgetProvider: pid=4680 uid=1000 gids={3003, 3002, 3001, 1015}
W/ProcessStats( 2047): Skipping unknown process pid 4689
W/ProcessStats( 2047): Skipping unknown process pid 4690
I/StorageNotification( 2107): UMS connection changed to true (media state mounted)
I/ActivityManager( 2047): Starting: Intent { act=android.intent.action.MAIN cat=[android.intent.category.LAUNCHER] flg=0x10200000 cmp=com.google.android.talk/.SigningInActivity bnds=[245,640][355,758] } from pid 2129
I/ActivityManager( 2047): Starting: Intent { act=android.intent.action.MAIN cat=[android.intent.category.HOME] flg=0x10200000 cmp=com.android.launcher/.Launcher } from pid 2047
W/InputManagerService( 2047): Window already focused, ignoring focus gain of: com.android.internal.view.IInputMethodClient$Stub$Proxy@408bd820
I/ActivityManager( 2047): Starting: Intent { act=com.android.launcher.action.launcheraction flg=0x10000000 cmp=com.android.launcher/.CustomShirtcutActivity bnds=[192,777][288,854] (has extras) } from pid 2129
W/InputManagerService( 2047): Window already focused, ignoring focus gain of: com.android.internal.view.IInputMethodClient$Stub$Proxy@4074e3e8
I/ActivityManager( 2047): Starting: Intent { act=android.intent.action.MAIN cat=[android.intent.category.LAUNCHER] flg=0x10200000 cmp=com.chaozh.iReaderFree/com.chaozh.iReader.ui.activity.WelcomeActivity } from pid 2129
I/ActivityManager( 2047): Start proc com.chaozh.iReaderFree for activity com.chaozh.iReaderFree/com.chaozh.iReader.ui.activity.WelcomeActivity: pid=4709 uid=10064 gids={3003, 1015}
I/ActivityManager( 2047): Process com.hiapk.marketpho (pid 4648) has died.
I/ActivityManager( 2047): Starting: Intent { cmp=com.chaozh.iReaderFree/com.chaozh.iReader.ui.activity.RecentBookListA } from pid 4709
I/ActivityManager( 2047): Process com.android.email (pid 4482) has died.
I/ActivityManager( 2047): Process com.chaozh.iReaderFree (pid 4709) has died.
I/WindowManager( 2047): WIN DEATH: Window{408a1d70 com.chaozh.iReaderFree/com.chaozh.iReader.ui.activity.RecentBookListA paused=true}
I/WindowManager( 2047): WIN DEATH: Window{408b7a78 com.chaozh.iReaderFree/com.chaozh.iReader.ui.activity.RecentBookListA paused=true}
W/InputManagerService( 2047): Got RemoteException sending setActive(false) notification to pid 4709 uid 10064
I/ActivityManager( 2047): Starting: Intent { act=com.android.launcher.action.launcheraction flg=0x10000000 cmp=com.android.launcher/.CustomShirtcutActivity bnds=[192,777][288,854] (has extras) } from pid 2129
I/ActivityManager( 2047): Start proc com.android.defcontainer for service com.android.defcontainer/.DefaultContainerService: pid=4730 uid=10024 gids={1015, 2001}
W/InputManagerService( 2047): Window already focused, ignoring focus gain of: com.android.internal.view.IInputMethodClient$Stub$Proxy@407cb450
W/ActivityManager( 2047): No content provider found for: 
D/VoldCmdListener( 1453): asec list
D/VoldCmdListener( 1453): asec create smdl2tmp1 11 fat {} 10024
I/Vold    ( 1453): Filesystem formatted OK
D/VoldCmdListener( 1453): asec path smdl2tmp1
I/ActivityManager( 2047): Starting: Intent { act=android.settings.APPLICATION_DETAILS_SETTINGS dat=package:tk.niuzb.quake cmp=com.android.settings/.applications.InstalledAppDetails } from pid 2129
I/ActivityManager( 2047): Process com.android.settings (pid 4680) has died.
I/ActivityManager( 2047): Start proc com.android.settings for activity com.android.settings/.applications.InstalledAppDetails: pid=4752 uid=1000 gids={3003, 3002, 3001, 1015}
I/ActivityManager( 2047): Process com.google.android.apps.plus (pid 4512) has died.
D/VoldCmdListener( 1453): asec finalize smdl2tmp1
D/VoldCmdListener( 1453): asec unmount smdl2tmp1 force
W/ActivityManager( 2047): No content provider found for: 
I/ActivityManager( 2047): Process android.process.media (pid 4521) has died.
I/ActivityManager( 2047): Process com.cyanogenmod.cmparts (pid 4565) has died.
D/VoldCmdListener( 1453): asec mount smdl2tmp1 {} 1000
D/VoldCmdListener( 1453): asec path smdl2tmp1
I/ActivityManager( 2047): Process com.android.defcontainer (pid 4730) has died.
I/ActivityManager( 2047): Low Memory: No more background processes.
I/ActivityManager( 2047): Process com.snda.cloudary (pid 4600) has died.
W/ActivityManager( 2047): Scheduling restart of crashed service com.snda.cloudary/.appwidget.CloudaryAppWidgetService in 5000ms
I/ActivityManager( 2047): Low Memory: No more background processes.
W/ActivityManager( 2047): Activity pause timeout for HistoryRecord{4085d130 com.android.settings/.applications.InstalledAppDetails}
I/ActivityManager( 2047): Process com.android.settings (pid 4752) has died.
I/WindowManager( 2047): WIN DEATH: Window{40909568 com.android.settings/com.android.settings.applications.InstalledAppDetails paused=false}
I/ActivityManager( 2047): Low Memory: No more background processes.
D/VoldCmdListener( 1453): asec unmount smdl2tmp1 force
D/VoldCmdListener( 1453): asec rename smdl2tmp1 tk.niuzb.quake-2
W/PackageManager( 2047): Mounting container tk.niuzb.quake-2
D/VoldCmdListener( 1453): asec mount tk.niuzb.quake-2 {} 1000
D/VoldCmdListener( 1453): asec path tk.niuzb.quake-2
I/ActivityManager( 2047): Force stopping package tk.niuzb.quake uid=10071
I/ActivityManager( 2047):   Force finishing activity HistoryRecord{40542c40 tk.niuzb.quake/.CoverActivity}
I/PackageManager( 2047): Package tk.niuzb.quake codePath changed from /mnt/asec/tk.niuzb.quake-1/pkg.apk to /mnt/asec/tk.niuzb.quake-2/pkg.apk; Retaining data and using new
I/PackageManager( 2047): Linking native library dir for /mnt/asec/tk.niuzb.quake-2/pkg.apk
I/ActivityManager( 2047): Force stopping package tk.niuzb.quake uid=10071
W/PackageManager( 2047): Code path for pkg : tk.niuzb.quake changing from /mnt/asec/tk.niuzb.quake-1/pkg.apk to /mnt/asec/tk.niuzb.quake-2/pkg.apk
W/PackageManager( 2047): Resource path for pkg : tk.niuzb.quake changing from /mnt/asec/tk.niuzb.quake-1/pkg.apk to /mnt/asec/tk.niuzb.quake-2/pkg.apk
I/ActivityManager( 2047): Force stopping package tk.niuzb.quake uid=10071
I/ActivityManager( 2047): Start proc com.tmobile.thememanager for broadcast com.tmobile.thememanager/.receiver.ThemePackageReceiver: pid=4784 uid=1300 gids={-1}
D/VoldCmdListener( 1453): asec unmount tk.niuzb.quake-1 force
I/ActivityManager( 2047): Start proc com.android.voicedialer for broadcast com.android.voicedialer/.VoiceDialerReceiver: pid=4794 uid=10052 gids={3002}
W/RecognitionManagerService( 2047): no available voice recognition services found
I/ActivityManager( 2047): Start proc com.android.vending for broadcast com.android.vending/com.google.android.finsky.receivers.PackageMonitorReceiver$RegisteredReceiver: pid=4804 uid=10023 gids={3003, 1015}
D/VoldCmdListener( 1453): asec destroy tk.niuzb.quake-1 force
I/ActivityManager( 2047): Start proc com.snda.cloudary for service com.snda.cloudary/.appwidget.CloudaryAppWidgetService: pid=4815 uid=10068 gids={1015, 3003}
I/ActivityManager( 2047): Starting: Intent { act=android.settings.APPLICATION_DEVELOPMENT_SETTINGS flg=0x10200000 cmp=com.android.settings/.DevelopmentSettings bnds=[0,175][480,271] } from pid -1
I/ActivityManager( 2047): Start proc com.android.settings for activity com.android.settings/.DevelopmentSettings: pid=4823 uid=1000 gids={3003, 3002, 3001, 1015}
I/ActivityManager( 2047): Start proc com.google.android.apps.plus for broadcast com.google.android.apps.plus/.service.PackagesMediaMonitor: pid=4857 uid=10061 gids={3003, 3002, 1015, 1006}
I/StorageNotification( 2107): UMS connection changed to false (media state mounted)
W/InputManagerService( 2047): Starting input on non-focused client com.android.internal.view.IInputMethodClient$Stub$Proxy@4083f730 (uid=1000 pid=4823)
W/InputManagerService( 2047): Client not active, ignoring focus gain of: com.android.internal.view.IInputMethodClient$Stub$Proxy@4078fc60
W/InputManagerService( 2047): Window already focused, ignoring focus gain of: com.android.internal.view.IInputMethodClient$Stub$Proxy@40797fe0
I/ActivityManager( 2047): Process com.android.voicedialer (pid 4794) has died.
W/ActivityManager( 2047): Activity destroy timeout for HistoryRecord{4085d130 com.android.settings/.applications.InstalledAppDetails}
I/ActivityManager( 2047): Start proc com.noshufou.android.su for broadcast com.noshufou.android.su/.UninstallReceiver: pid=4877 uid=10047 gids={3003, 1015}
I/ActivityManager( 2047): Start proc com.svox.pico for broadcast com.svox.pico/.VoiceDataInstallerReceiver: pid=4885 uid=10041 gids={}
I/ActivityManager( 2047): Start proc com.google.android.partnersetup for broadcast com.google.android.partnersetup/.AppInstalledReceiver: pid=4893 uid=10044 gids={}
I/ActivityManager( 2047): Start proc com.android.voicedialer for broadcast com.android.voicedialer/.VoiceDialerReceiver: pid=4901 uid=10052 gids={3002}
I/ActivityManager( 2047): Process com.android.settings (pid 4823) has died.
I/WindowManager( 2047): WIN DEATH: Window{408e5580 com.android.settings/com.android.settings.DevelopmentSettings paused=false}
I/ActivityManager( 2047): Start proc android.process.media for content provider com.android.providers.media/.MediaProvider: pid=4909 uid=10027 gids={1015, 2001, 3003}
I/ActivityManager( 2047): Starting: Intent { act=android.intent.action.VIEW typ=vnd.android.cursor.dir/calls cmp=com.android.contacts/.DialtactsActivity bnds=[0,199][480,295] } from pid -1
W/ActivityManager( 2047): startActivity called from non-Activity context; forcing Intent.FLAG_ACTIVITY_NEW_TASK for: Intent { act=android.intent.action.VIEW typ=vnd.android.cursor.dir/calls cmp=com.android.contacts/.DialtactsActivity bnds=[0,199][480,295] }
I/ActivityManager( 2047): Process com.google.android.apps.plus (pid 4857) has died.
I/ActivityManager( 2047): Start proc com.google.android.apps.plus for broadcast com.google.android.apps.plus/.service.PackagesMediaMonitor: pid=4920 uid=10061 gids={3003, 3002, 1015, 1006}
I/ActivityManager( 2047): Process com.google.android.partnersetup (pid 4893) has died.
I/ActivityManager( 2047): Start proc com.google.android.apps.maps:FriendService for broadcast com.google.android.apps.maps/com.google.googlenav.friend.android.ServiceReceiver: pid=4932 uid=10066 gids={3003, 1015}
I/ActivityManager( 2047): Process com.android.voicedialer (pid 4901) has died.
I/ActivityManager( 2047): Process com.svox.pico (pid 4885) has died.
I/ActivityManager( 2047): Start proc com.google.android.googlequicksearchbox for broadcast com.google.android.googlequicksearchbox/.SourceUpdateReceiver: pid=4943 uid=10049 gids={3003}
I/ActivityManager( 2047): Process com.tmobile.thememanager (pid 4784) has died.
I/ActivityManager( 2047): Start proc com.android.settings for broadcast com.android.settings/.widget.SettingsAppWidgetProvider: pid=4956 uid=1000 gids={3003, 3002, 3001, 1015}
I/ActivityManager( 2047): Process android.process.media (pid 4909) has died.
I/ActivityManager( 2047): Process com.google.android.apps.maps:FriendService (pid 4932) has died.
I/ActivityManager( 2047): Start proc com.google.android.apps.maps:LocationFriendService for broadcast com.google.android.apps.maps/com.google.googlenav.friend.reporting.LocationReportingIntentReceiver: pid=4966 uid=10066 gids={3003, 1015}
I/ActivityManager( 2047): Process com.noshufou.android.su (pid 4877) has died.
I/ActivityManager( 2047): Process com.google.android.googlequicksearchbox (pid 4943) has died.
W/ActivityManager( 2047): Activity destroy timeout for HistoryRecord{40769770 com.android.settings/.DevelopmentSettings}
I/ActivityManager( 2047): Process com.android.settings (pid 4956) has died.
I/ActivityManager( 2047): Start proc android.process.media for content provider com.android.providers.media/.MediaProvider: pid=4980 uid=10027 gids={1015, 2001, 3003}
I/ActivityManager( 2047): Process com.android.vending (pid 4804) has died.
I/ActivityManager( 2047): Start proc com.android.vending for service com.android.vending/com.google.android.finsky.services.ContentSyncService: pid=4991 uid=10023 gids={3003, 1015}
I/ActivityManager( 2047): Process com.google.android.apps.plus (pid 4920) has died.
I/ActivityManager( 2047): Start proc com.google.android.apps.plus for broadcast com.google.android.apps.plus/.service.CameraMonitor: pid=5017 uid=10061 gids={3003, 3002, 1015, 1006}
W/InputManagerService( 2047): Starting input on non-focused client com.android.internal.view.IInputMethodClient$Stub$Proxy@409200d0 (uid=10003 pid=4556)
I/ActivityManager( 2047): Starting: Intent { act=com.android.launcher.action.launcheraction flg=0x10000000 cmp=com.android.launcher/.CustomShirtcutActivity bnds=[192,777][288,854] (has extras) } from pid 2129
W/InputManagerService( 2047): Window already focused, ignoring focus gain of: com.android.internal.view.IInputMethodClient$Stub$Proxy@40739cb0
I/ActivityManager( 2047): Starting: Intent { act=android.intent.action.MAIN cat=[android.intent.category.LAUNCHER] flg=0x10200000 cmp=tk.niuzb.quake/.CoverActivity } from pid 2129
I/ActivityManager( 2047): Start proc tk.niuzb.quake for activity tk.niuzb.quake/.CoverActivity: pid=5035 uid=10071 gids={3003, 1015}
I/WindowManager( 2047): Setting rotation to 1, animFlags=1
I/ActivityManager( 2047): Config changed: { scale=1.0 imsi=460/2 loc=zh_CN touch=3 keys=2/1/2 nav=2/2 orien=2 layout=34 uiMode=17 seq=36 themeResource=null}
I/ActivityManager( 2047): Starting: Intent { cmp=tk.niuzb.quake/tk.niuzb.quake3.QuakeActivity } from pid 5035
I/WindowManager( 2047): Setting rotation to 0, animFlags=1
I/ActivityManager( 2047): Config changed: { scale=1.0 imsi=460/2 loc=zh_CN touch=3 keys=2/1/2 nav=2/2 orien=1 layout=34 uiMode=17 seq=37 themeResource=null}
I/ActivityManager( 2047): Process com.google.android.apps.maps:LocationFriendService (pid 4966) has died.
W/InputManagerService( 2047): Window already focused, ignoring focus gain of: com.android.internal.view.IInputMethodClient$Stub$Proxy@40855f98
I/ActivityManager( 2047): Start proc com.android.settings for broadcast com.android.settings/.widget.SettingsAppWidgetProvider: pid=5062 uid=1000 gids={3003, 3002, 3001, 1015}
--------- beginning of /dev/log/main
D/szipinf ( 5062): Initializing inflate state
D/SettingsAppWidgetProvider( 5062): Widget is from a previous version... Let's update
D/SettingsAppWidgetProvider( 5062): No instances yet... Wait for at least one instance to exist before adding global settings
I/BATTD   ( 1442): Battd USB INSERT = Success
I/usbd    ( 1460): process_usb_uevent_message(): cable type: usb
I/usbd    ( 1460): process_usb_uevent_message(): USB online
I/usbd    ( 1460): main(): Cable Status Changed, need to notify Cable Status to App 
I/usbd    ( 1460): usbd_notify_current_status(): Notifying App with Current Status : cable_connected 
D/UsbListener( 2107): handleEvent: cable_connected
D/MotUsbService( 2107): handleUsbCableAttachment()
D/MotUsbService( 2107): handleUsbEvent(), Received event: 0, current state: 0
D/UsbSettings( 2107): USB mode (UI) : 5
D/UsbListener( 2107): received usb mode change command from UI: usb_mode_msc_adb
D/UsbListener( 2107): Writing command usb_mode_msc_adb¿Ä to usbd
I/usbd    ( 1460): main(): Read and handle a pending message from the App 
I/usbd    ( 1460): usbd_socket_event(): recieved usb_mode_msc_adb
I/usbd    ( 1460): usbd_socket_event(): Matched new usb mode = 8 , current mode = 0
I/usbd    ( 1460): usbd_set_usb_mode(): new_mode: msc_adb
D/UsbListener( 2107): handleEvent: usb_mode_msc:ok
D/MotUsbService( 2107): handleUsbEvent(), Received event: 2, current state: 1
D/UsbSettings( 2107): USB mode (UI) : 5
D/UsbSettings( 2107): USB mode (UI) : 5
I/BATTD   ( 1442): set_charge_current=100
D/SettingsAppWidgetProvider( 5062): Widget is from a previous version... Let's update
D/SettingsAppWidgetProvider( 5062): No instances yet... Wait for at least one instance to exist before adding global settings
I/usbd    ( 1460): process_usb_uevent_message(): cable type: usb
I/usbd    ( 1460): process_usb_uevent_message(): USB online
I/usbd    ( 1460): main():  Spurious Cable Event, Ignore 
I/usbd    ( 1460): main(): get event from usb_device_fd
I/usbd    ( 1460): main(): devbuf: none:none:get_desc
I/usbd    ( 1460): rc: 18 usbd_curr_cable_status: 0
I/usbd    ( 1460): main(): pcSwitchbuf = none
I/usbd    ( 1460): main(): adbEnablebuf: none
I/usbd    ( 1460): main(): length = 9
I/usbd    ( 1460): main(): enubuf: get_desc
I/usbd    ( 1460): main(): received get_descriptor, enum in progress
I/usbd    ( 1460): main(): Notifying Apps that Get_Descriptor was called...
D/UsbListener( 2107): handleEvent: get_descriptor
D/MotUsbService( 2107): handleGetDescriptor()
D/UsbSettings( 2107): USB mode (UI) : 5
D/MotUsbService( 2107): setUsbConnectionNotificationVisibility()
D/UsbSettings( 2107): USB mode (UI) : 5
D/MotUsbService( 2107): enableInternalDataConnectivity(): true
D/UsbService( 2047): Got USB reconfiguration event, connected 1
I/ActivityManager( 2047): Start proc com.cyanogenmod.cmparts for broadcast com.cyanogenmod.cmparts/.intents.LEDNotificationReceiver: pid=5080 uid=1000 gids={3003, 3002, 3001, 1015}
E/dalvikvm( 5080): could not disable core file generation for pid 5080: Operation not permitted
I/usbd    ( 1460): process_usb_uevent_message(): cable type: usb
I/usbd    ( 1460): process_usb_uevent_message(): USB online
I/usbd    ( 1460): main():  Spurious Cable Event, Ignore 
